// Jest Snapshot v1, https://goo.gl/fbAQLP

exports[`<Error> should render correctly 1`] = `
<div>
  <p
    class="error mt5 errorGrid"
  >
    errorTest
  </p>
</div>
`;
