// Jest Snapshot v1, https://goo.gl/fbAQLP

exports[`<App> <App /> render correctly 1`] = `
<div>
  <div>
    Loading...
  </div>
</div>
`;
